// Vitest Snapshot v1, https://vitest.dev/guide/snapshot.html

exports[`basic > link 1`] = `
{
  "children": [
    {
      "children": [
        {
          "attributes": {
            "target": "_blank",
          },
          "children": [
            {
              "position": {
                "end": {
                  "column": 6,
                  "line": 1,
                  "offset": 5,
                },
                "start": {
                  "column": 2,
                  "line": 1,
                  "offset": 1,
                },
              },
              "type": "text",
              "value": "link",
            },
          ],
          "position": {
            "end": {
              "column": 27,
              "line": 1,
              "offset": 26,
            },
            "start": {
              "column": 1,
              "line": 1,
              "offset": 0,
            },
          },
          "title": null,
          "type": "link",
          "url": "https://nuxtjs.org",
        },
      ],
      "position": {
        "end": {
          "column": 44,
          "line": 1,
          "offset": 43,
        },
        "start": {
          "column": 1,
          "line": 1,
          "offset": 0,
        },
      },
      "type": "paragraph",
    },
  ],
  "position": {
    "end": {
      "column": 44,
      "line": 1,
      "offset": 43,
    },
    "start": {
      "column": 1,
      "line": 1,
      "offset": 0,
    },
  },
  "type": "root",
}
`;

exports[`basic > simple 1`] = `
{
  "children": [
    {
      "children": [
        {
          "position": {
            "end": {
              "column": 12,
              "line": 1,
              "offset": 11,
            },
            "start": {
              "column": 1,
              "line": 1,
              "offset": 0,
            },
          },
          "type": "text",
          "value": "paragraph 1",
        },
      ],
      "position": {
        "end": {
          "column": 12,
          "line": 1,
          "offset": 11,
        },
        "start": {
          "column": 1,
          "line": 1,
          "offset": 0,
        },
      },
      "type": "paragraph",
    },
    {
      "position": {
        "end": {
          "column": 4,
          "line": 3,
          "offset": 16,
        },
        "start": {
          "column": 1,
          "line": 3,
          "offset": 13,
        },
      },
      "type": "thematicBreak",
    },
    {
      "children": [
        {
          "position": {
            "end": {
              "column": 12,
              "line": 5,
              "offset": 29,
            },
            "start": {
              "column": 1,
              "line": 5,
              "offset": 18,
            },
          },
          "type": "text",
          "value": "paragraph 2",
        },
      ],
      "position": {
        "end": {
          "column": 12,
          "line": 5,
          "offset": 29,
        },
        "start": {
          "column": 1,
          "line": 5,
          "offset": 18,
        },
      },
      "type": "paragraph",
    },
  ],
  "position": {
    "end": {
      "column": 12,
      "line": 5,
      "offset": 29,
    },
    "start": {
      "column": 1,
      "line": 1,
      "offset": 0,
    },
  },
  "type": "root",
}
`;
