// Vitest Snapshot v1

exports[`span > [ ] 1`] = `
{
  "children": [
    {
      "children": [
        {
          "attributes": {},
          "children": [],
          "data": {
            "hName": "span",
            "hProperties": {},
          },
          "fmAttributes": {},
          "name": "span",
          "position": {
            "end": {
              "column": 4,
              "line": 1,
              "offset": 3,
            },
            "start": {
              "column": 1,
              "line": 1,
              "offset": 0,
            },
          },
          "type": "textComponent",
        },
      ],
      "position": {
        "end": {
          "column": 4,
          "line": 1,
          "offset": 3,
        },
        "start": {
          "column": 1,
          "line": 1,
          "offset": 0,
        },
      },
      "type": "paragraph",
    },
  ],
  "position": {
    "end": {
      "column": 4,
      "line": 1,
      "offset": 3,
    },
    "start": {
      "column": 1,
      "line": 1,
      "offset": 0,
    },
  },
  "type": "root",
}
`;

exports[`span > [x] 1`] = `
{
  "children": [
    {
      "children": [
        {
          "attributes": {},
          "children": [
            {
              "position": {
                "end": {
                  "column": 3,
                  "line": 1,
                  "offset": 2,
                },
                "start": {
                  "column": 2,
                  "line": 1,
                  "offset": 1,
                },
              },
              "type": "text",
              "value": "x",
            },
          ],
          "data": {
            "hName": "span",
            "hProperties": {},
          },
          "fmAttributes": {},
          "name": "span",
          "position": {
            "end": {
              "column": 4,
              "line": 1,
              "offset": 3,
            },
            "start": {
              "column": 1,
              "line": 1,
              "offset": 0,
            },
          },
          "type": "textComponent",
        },
      ],
      "position": {
        "end": {
          "column": 4,
          "line": 1,
          "offset": 3,
        },
        "start": {
          "column": 1,
          "line": 1,
          "offset": 0,
        },
      },
      "type": "paragraph",
    },
  ],
  "position": {
    "end": {
      "column": 4,
      "line": 1,
      "offset": 3,
    },
    "start": {
      "column": 1,
      "line": 1,
      "offset": 0,
    },
  },
  "type": "root",
}
`;

exports[`span > inside-link 1`] = `
{
  "children": [
    {
      "children": [
        {
          "children": [
            {
              "attributes": {},
              "children": [
                {
                  "position": {
                    "end": {
                      "column": 7,
                      "line": 1,
                      "offset": 6,
                    },
                    "start": {
                      "column": 3,
                      "line": 1,
                      "offset": 2,
                    },
                  },
                  "type": "text",
                  "value": "span",
                },
              ],
              "data": {
                "hName": "span",
                "hProperties": {},
              },
              "fmAttributes": {},
              "name": "span",
              "position": {
                "end": {
                  "column": 8,
                  "line": 1,
                  "offset": 7,
                },
                "start": {
                  "column": 2,
                  "line": 1,
                  "offset": 1,
                },
              },
              "type": "textComponent",
            },
          ],
          "position": {
            "end": {
              "column": 16,
              "line": 1,
              "offset": 15,
            },
            "start": {
              "column": 1,
              "line": 1,
              "offset": 0,
            },
          },
          "title": null,
          "type": "link",
          "url": "#href",
        },
      ],
      "position": {
        "end": {
          "column": 16,
          "line": 1,
          "offset": 15,
        },
        "start": {
          "column": 1,
          "line": 1,
          "offset": 0,
        },
      },
      "type": "paragraph",
    },
  ],
  "position": {
    "end": {
      "column": 16,
      "line": 1,
      "offset": 15,
    },
    "start": {
      "column": 1,
      "line": 1,
      "offset": 0,
    },
  },
  "type": "root",
}
`;

exports[`span > respect-gfm-check-list 1`] = `
{
  "children": [
    {
      "children": [
        {
          "checked": false,
          "children": [
            {
              "children": [
                {
                  "position": {
                    "end": {
                      "column": 13,
                      "line": 1,
                      "offset": 12,
                    },
                    "start": {
                      "column": 7,
                      "line": 1,
                      "offset": 6,
                    },
                  },
                  "type": "text",
                  "value": "task 1",
                },
              ],
              "position": {
                "end": {
                  "column": 13,
                  "line": 1,
                  "offset": 12,
                },
                "start": {
                  "column": 7,
                  "line": 1,
                  "offset": 6,
                },
              },
              "type": "paragraph",
            },
          ],
          "position": {
            "end": {
              "column": 13,
              "line": 1,
              "offset": 12,
            },
            "start": {
              "column": 1,
              "line": 1,
              "offset": 0,
            },
          },
          "spread": false,
          "type": "listItem",
        },
        {
          "checked": true,
          "children": [
            {
              "children": [
                {
                  "position": {
                    "end": {
                      "column": 13,
                      "line": 2,
                      "offset": 25,
                    },
                    "start": {
                      "column": 7,
                      "line": 2,
                      "offset": 19,
                    },
                  },
                  "type": "text",
                  "value": "task 2",
                },
              ],
              "position": {
                "end": {
                  "column": 13,
                  "line": 2,
                  "offset": 25,
                },
                "start": {
                  "column": 7,
                  "line": 2,
                  "offset": 19,
                },
              },
              "type": "paragraph",
            },
          ],
          "position": {
            "end": {
              "column": 13,
              "line": 2,
              "offset": 25,
            },
            "start": {
              "column": 1,
              "line": 2,
              "offset": 13,
            },
          },
          "spread": false,
          "type": "listItem",
        },
      ],
      "ordered": false,
      "position": {
        "end": {
          "column": 13,
          "line": 2,
          "offset": 25,
        },
        "start": {
          "column": 1,
          "line": 1,
          "offset": 0,
        },
      },
      "spread": false,
      "start": null,
      "type": "list",
    },
  ],
  "position": {
    "end": {
      "column": 13,
      "line": 2,
      "offset": 25,
    },
    "start": {
      "column": 1,
      "line": 1,
      "offset": 0,
    },
  },
  "type": "root",
}
`;

exports[`span > simple 1`] = `
{
  "children": [
    {
      "children": [
        {
          "attributes": {},
          "children": [
            {
              "position": {
                "end": {
                  "column": 6,
                  "line": 1,
                  "offset": 5,
                },
                "start": {
                  "column": 2,
                  "line": 1,
                  "offset": 1,
                },
              },
              "type": "text",
              "value": "span",
            },
          ],
          "data": {
            "hName": "span",
            "hProperties": {},
          },
          "fmAttributes": {},
          "name": "span",
          "position": {
            "end": {
              "column": 7,
              "line": 1,
              "offset": 6,
            },
            "start": {
              "column": 1,
              "line": 1,
              "offset": 0,
            },
          },
          "type": "textComponent",
        },
      ],
      "position": {
        "end": {
          "column": 7,
          "line": 1,
          "offset": 6,
        },
        "start": {
          "column": 1,
          "line": 1,
          "offset": 0,
        },
      },
      "type": "paragraph",
    },
  ],
  "position": {
    "end": {
      "column": 7,
      "line": 1,
      "offset": 6,
    },
    "start": {
      "column": 1,
      "line": 1,
      "offset": 0,
    },
  },
  "type": "root",
}
`;

exports[`span > with-attributes 1`] = `
{
  "children": [
    {
      "children": [
        {
          "attributes": {
            "class": "aclass anotherclass andother",
            "foo": "bar",
            "id": "theid",
          },
          "children": [
            {
              "position": {
                "end": {
                  "column": 6,
                  "line": 1,
                  "offset": 5,
                },
                "start": {
                  "column": 2,
                  "line": 1,
                  "offset": 1,
                },
              },
              "type": "text",
              "value": "span",
            },
          ],
          "data": {
            "hName": "span",
            "hProperties": {
              "class": "aclass anotherclass andother",
              "foo": "bar",
              "id": "theid",
            },
          },
          "fmAttributes": {},
          "name": "span",
          "position": {
            "end": {
              "column": 7,
              "line": 1,
              "offset": 6,
            },
            "start": {
              "column": 1,
              "line": 1,
              "offset": 0,
            },
          },
          "type": "textComponent",
        },
      ],
      "position": {
        "end": {
          "column": 70,
          "line": 1,
          "offset": 69,
        },
        "start": {
          "column": 1,
          "line": 1,
          "offset": 0,
        },
      },
      "type": "paragraph",
    },
  ],
  "position": {
    "end": {
      "column": 70,
      "line": 1,
      "offset": 69,
    },
    "start": {
      "column": 1,
      "line": 1,
      "offset": 0,
    },
  },
  "type": "root",
}
`;
